- img "Иконка канала channel67627961"
- paragraph:
  - link "channel67627961":
    - /url: /channel/67627961/
  - link:
    - /url: /profile/info/edit/
    - img
- paragraph: jf****@gmail.com
- list:
  - listitem:
    - link "Профиль":
      - /url: /profile/
  - listitem:
    - link "Мой канал":
      - /url: /channel/67627961/
  - listitem:
    - link "Студия RUTUBE":
      - /url: https://studio.rutube.ru/
- button "Выйти":
  - img